// Jest Snapshot v1, https://goo.gl/fbAQLP

exports[`Login component renders correctly 1`] = `
<div
  className="bg-img"
>
  <form
    className="form"
    onSubmit={[Function]}
  >
    <img
      alt="logo"
      className="logo"
      src="logo.png"
    />
    <h3
      className="form-title"
    >
      Login
    </h3>
    <div
      className="form-row"
    >
      <div
        className="wrap-input100 validate-input"
        data-validate="Enter username"
      >
        <input
          className="input100"
          name="username"
          onChange={[Function]}
          placeholder="Username"
          type="name"
          value=""
        />
        <span
          className="focus-input100"
          data-placeholder=""
        >
          <svg
            className="input-icon"
            fill="currentColor"
            height="1em"
            stroke="currentColor"
            strokeWidth="0"
            style={
              Object {
                "color": undefined,
              }
            }
            viewBox="0 0 24 24"
            width="1em"
            xmlns="http://www.w3.org/2000/svg"
          >
            <path
              d="M7.5 6.5C7.5 8.981 9.519 11 12 11s4.5-2.019 4.5-4.5S14.481 2 12 2 7.5 4.019 7.5 6.5zM20 21h1v-1c0-3.859-3.141-7-7-7h-4c-3.86 0-7 3.141-7 7v1h17z"
            />
          </svg>
        </span>
      </div>
      <div
        className="wrap-input100 validate-input"
        data-validate="Enter email"
      >
        <input
          className="input100"
          name="email"
          onChange={[Function]}
          placeholder="Email"
          type="email"
          value=""
        />
        <span
          className="focus-input100"
          data-placeholder=""
        >
          <svg
            className="input-icon"
            fill="currentColor"
            height="1em"
            stroke="currentColor"
            strokeWidth="0"
            style={
              Object {
                "color": undefined,
              }
            }
            viewBox="0 0 24 24"
            width="1em"
            xmlns="http://www.w3.org/2000/svg"
          >
            <path
              d="M0 0h24v24H0z"
              fill="none"
            />
            <path
              d="M20 4H4c-1.1 0-1.99.9-1.99 2L2 18c0 1.1.9 2 2 2h16c1.1 0 2-.9 2-2V6c0-1.1-.9-2-2-2zm0 4l-8 5-8-5V6l8 5 8-5v2z"
            />
          </svg>
        </span>
      </div>
      <div
        className="wrap-input100 validate-input"
        data-validate="Enter password"
      >
        <input
          className="input100"
          name="password"
          onChange={[Function]}
          placeholder="Enter password"
          type="password"
          value=""
        />
        <span
          className="focus-input100"
          data-placeholder=""
        >
          <svg
            className="input-icon"
            fill="currentColor"
            height="1em"
            stroke="currentColor"
            strokeWidth="0"
            style={
              Object {
                "color": undefined,
              }
            }
            viewBox="0 0 24 24"
            width="1em"
            xmlns="http://www.w3.org/2000/svg"
          >
            <path
              d="M18 8H20C20.5523 8 21 8.44772 21 9V21C21 21.5523 20.5523 22 20 22H4C3.44772 22 3 21.5523 3 21V9C3 8.44772 3.44772 8 4 8H6V7C6 3.68629 8.68629 1 12 1C15.3137 1 18 3.68629 18 7V8ZM16 8V7C16 4.79086 14.2091 3 12 3C9.79086 3 8 4.79086 8 7V8H16ZM11 14V16H13V14H11ZM7 14V16H9V14H7ZM15 14V16H17V14H15Z"
            />
          </svg>
        </span>
      </div>
    </div>
    <button
      className="login100-form-btn btn-block"
      disabled={false}
      type="submit"
    >
      Submit
    </button>
  </form>
  <section
    className="member"
  >
    <div
      className="motor-logo"
    >
      <img
        alt="logo1"
        className="logo1"
        src="vespa.png"
      />
    </div>
    <div
      className="register-button"
    >
      <p
        className="member-text"
      >
        Not a member yet?
        <br />
        <button
          className="member-btn"
          onClick={[Function]}
          type="button"
        >
          Register
        </button>
      </p>
    </div>
  </section>
</div>
`;
