// Jest Snapshot v1, https://goo.gl/fbAQLP

exports[`Motorcycle component renders correctly 1`] = `null`;
